2026-03-04T01:14:06.485Z [INFO]: Backend running on port 3001
2026-03-04T01:14:06.492Z [ERROR]: SerialPort Error: Opening COM3: File not found
2026-03-04T01:20:22.325Z [INFO]: CARD_EN simulated (mock)
2026-03-04T02:16:52.113Z [INFO]: CARD_EN simulated (mock)
2026-03-04T02:21:31.242Z [INFO]: CARD_EN simulated (mock)
2026-03-04T02:46:30.498Z [INFO]: Backend running on port 3001
2026-03-04T02:46:30.506Z [ERROR]: SerialPort Error: Opening COM3: File not found
2026-03-04T02:46:40.061Z [INFO]: WebSocket client connected
2026-03-04T02:55:17.846Z [INFO]: Backend running on port 3001
2026-03-04T02:55:17.854Z [ERROR]: SerialPort Error: Opening COM3: File not found
2026-03-04T02:55:27.118Z [INFO]: WebSocket client connected
2026-03-04T06:04:12.629Z [INFO]: Backend running on port 3001
2026-03-04T06:04:12.633Z [ERROR]: SerialPort Error: Opening COM3: File not found
2026-03-04T06:06:29.228Z [INFO]: Backend running on port 3001
2026-03-04T06:06:29.232Z [ERROR]: SerialPort Error: Opening COM3: File not found
2026-03-04T06:31:00.827Z [INFO]: CARD_EN simulated (mock)
2026-03-04T06:31:25.109Z [INFO]: WebSocket client connected
2026-03-04T06:36:51.036Z [INFO]: WebSocket client connected
2026-03-04T06:59:57.388Z [INFO]: WebSocket server running on ws://localhost:8080
2026-03-04T06:59:57.396Z [INFO]: Backend running on port 3001
2026-03-04T06:59:57.400Z [ERROR]: SerialPort Error: Opening /dev/ttyAMA0: Unknown error code 3
2026-03-04T07:56:14.000Z [INFO]: WebSocket client connected
2026-03-04T07:56:50.898Z [INFO]: WebSocket server running on ws://localhost:8080
2026-03-04T07:56:50.907Z [INFO]: Backend running on port 3001
2026-03-04T07:56:50.911Z [ERROR]: SerialPort Error: Opening /dev/ttyAMA0: Unknown error code 3
2026-03-05T01:37:24.656Z [INFO]: WebSocket server running on ws://localhost:8080
2026-03-05T01:37:24.664Z [INFO]: Backend running on port 3001
2026-03-05T01:37:24.669Z [ERROR]: SerialPort Error: Opening /dev/ttyAMA0: Unknown error code 3
2026-03-05T01:37:29.935Z [INFO]: WebSocket client connected
2026-03-05T01:46:04.787Z [INFO]: WebSocket client connected
2026-03-05T01:46:43.111Z [INFO]: WebSocket client connected
2026-03-05T05:33:08.280Z [INFO]: WebSocket server running on ws://localhost:8080
2026-03-05T05:33:08.289Z [INFO]: Backend running on port 3001
2026-03-05T05:33:08.293Z [ERROR]: SerialPort Error: Opening /dev/ttyAMA0: Unknown error code 3
2026-03-05T05:36:15.128Z [INFO]: WebSocket server running on ws://localhost:8080
2026-03-05T05:36:15.136Z [INFO]: Backend running on port 3001
2026-03-05T05:36:15.140Z [ERROR]: SerialPort Error: Opening /dev/ttyAMA0: Unknown error code 3
2026-03-05T05:40:26.350Z [INFO]: WebSocket client connected
2026-03-05T05:40:36.352Z [INFO]: WebSocket client connected
2026-03-06T05:45:21.000Z [INFO]: WebSocket server running on ws://localhost:8080
2026-03-06T05:45:21.009Z [INFO]: Backend running on port 3001
2026-03-06T05:45:21.014Z [ERROR]: SerialPort Error: Opening /dev/ttyAMA0: Unknown error code 3
2026-03-06T06:12:47.547Z [INFO]: WebSocket client connected
2026-03-06T06:12:47.559Z [INFO]: WebSocket client connected
2026-03-06T06:13:18.241Z [INFO]: WebSocket client connected
2026-03-06T06:13:20.782Z [INFO]: WebSocket client connected
2026-03-06T06:14:07.827Z [INFO]: WebSocket client connected
2026-03-06T06:14:07.835Z [INFO]: WebSocket client connected
2026-03-06T06:17:10.719Z [INFO]: WebSocket server running on ws://localhost:8080
2026-03-06T06:17:10.726Z [INFO]: Backend running on port 3001
2026-03-06T06:17:10.730Z [ERROR]: SerialPort Error: Opening /dev/ttyAMA0: Unknown error code 3
2026-03-06T06:18:17.348Z [INFO]: WebSocket client connected
2026-03-06T06:18:17.735Z [INFO]: WebSocket client connected
2026-03-06T07:07:04.776Z [INFO]: WebSocket server running on ws://localhost:8080
2026-03-06T07:07:04.785Z [INFO]: Backend running on port 3001
2026-03-06T07:07:04.791Z [INFO]: ESP32 Serial Port Connected
2026-03-06T07:07:20.970Z [INFO]: CARD_DIS command sent to ESP32
2026-03-06T07:07:20.982Z [INFO]: CARD_DIS command sent to ESP32
2026-03-06T07:07:20.997Z [INFO]: ESP32 Data: CARD_DISABLED
2026-03-06T07:07:21.039Z [INFO]: ESP32 Data: CARD_DISABLED
2026-03-06T07:07:39.240Z [INFO]: CARD_EN command sent to ESP32
2026-03-06T07:07:39.269Z [INFO]: ESP32 Data: TOPUP_ENABLED
2026-03-06T07:07:39.282Z [INFO]: WebSocket client connected
2026-03-06T07:07:41.839Z [INFO]: ESP32 Data: UID_C48F7ADF
2026-03-06T07:07:41.840Z [INFO]: Card Scanned UID: C48F7ADF
2026-03-06T07:07:41.879Z [INFO]: WebSocket client connected
2026-03-06T07:07:41.892Z [INFO]: WebSocket client connected
2026-03-06T07:09:15.756Z [INFO]: ESP32 Data: 500
2026-03-06T07:09:15.756Z [INFO]: Money Inserted: ₱500
2026-03-06T07:09:43.802Z [INFO]: ESP32 Data: 100
2026-03-06T07:09:43.802Z [INFO]: Money Inserted: ₱100
2026-03-06T07:09:48.442Z [INFO]: ESP32 Data: 100
2026-03-06T07:09:48.443Z [INFO]: Money Inserted: ₱100
2026-03-06T07:10:03.074Z [INFO]: ESP32 Data: 100
2026-03-06T07:10:03.075Z [INFO]: Money Inserted: ₱100
2026-03-06T07:10:05.737Z [INFO]: ESP32 Data: 100
2026-03-06T07:10:05.737Z [INFO]: Money Inserted: ₱100
2026-03-06T07:10:08.679Z [INFO]: ESP32 Data: 100
2026-03-06T07:10:08.679Z [INFO]: Money Inserted: ₱100
2026-03-06T07:10:11.798Z [INFO]: ESP32 Data: 100
2026-03-06T07:10:11.798Z [INFO]: Money Inserted: ₱100
2026-03-06T07:10:15.120Z [INFO]: ESP32 Data: 100
2026-03-06T07:10:15.121Z [INFO]: Money Inserted: ₱100
2026-03-06T07:10:17.452Z [INFO]: ESP32 Data: 50
2026-03-06T07:10:17.453Z [INFO]: Money Inserted: ₱50
2026-03-06T07:10:37.980Z [INFO]: ESP32 Data: TOPUP_CLOSED
TO
2026-03-06T07:10:37.998Z [INFO]: ESP32 Data: PUP_DISABLED
2026-03-06T07:12:40.591Z [INFO]: CARD_DIS command sent to ESP32
2026-03-06T07:12:40.596Z [INFO]: CARD_DIS command sent to ESP32
2026-03-06T07:12:40.619Z [INFO]: ESP32 Data: CARD_DISABLED
2026-03-06T07:12:40.660Z [INFO]: ESP32 Data: CARD_DISABLED
2026-03-06T07:12:46.249Z [INFO]: CARD_EN command sent to ESP32
2026-03-06T07:12:46.277Z [INFO]: ESP32 Data: TOPUP_ENABLED
2026-03-06T07:12:46.286Z [INFO]: WebSocket client connected
2026-03-06T07:13:20.988Z [INFO]: ESP32 Data: UID_C48F7ADF
2026-03-06T07:13:20.988Z [INFO]: Card Scanned UID: C48F7ADF
2026-03-06T07:13:48.268Z [INFO]: ESP32 Data: TOPUP_CLOSED
TO
2026-03-06T07:13:48.285Z [INFO]: ESP32 Data: PUP_DISABLED
2026-03-06T07:31:23.664Z [INFO]: WebSocket client connected
2026-03-06T07:31:23.667Z [INFO]: CARD_EN command sent to ESP32
2026-03-06T07:31:23.673Z [INFO]: CARD_EN command sent to ESP32
2026-03-06T07:31:23.679Z [INFO]: WebSocket client connected
2026-03-06T07:31:23.694Z [INFO]: ESP32 Data: CARD_ENABLED
2026-03-06T07:31:23.741Z [INFO]: ESP32 Data: CARD_ENABLED
2026-03-06T07:31:32.537Z [INFO]: ESP32 Data: UID_06095D3D
2026-03-06T07:31:32.538Z [INFO]: Card Scanned UID: 06095D3D
2026-03-06T07:31:47.406Z [INFO]: ESP32 Data: UID_06095D3D
2026-03-06T07:31:47.406Z [INFO]: Card Scanned UID: 06095D3D
2026-03-06T07:31:53.063Z [INFO]: ESP32 Data: UID_0648803D
2026-03-06T07:31:53.063Z [INFO]: Card Scanned UID: 0648803D
2026-03-06T07:31:58.821Z [INFO]: ESP32 Data: UID_0648803D
2026-03-06T07:31:58.822Z [INFO]: Card Scanned UID: 0648803D
2026-03-06T07:32:31.400Z [INFO]: ESP32 Data: UID_06095D3D
2026-03-06T07:32:31.400Z [INFO]: Card Scanned UID: 06095D3D
2026-03-06T07:32:47.449Z [INFO]: ESP32 Data: UID_08BA3593
2026-03-06T07:32:47.449Z [INFO]: Card Scanned UID: 08BA3593
2026-03-06T07:32:54.829Z [INFO]: ESP32 Data: UID_06095D3D
2026-03-06T07:32:54.830Z [INFO]: Card Scanned UID: 06095D3D
2026-03-06T07:41:30.574Z [INFO]: CARD_DIS command sent to ESP32
2026-03-06T07:41:30.579Z [INFO]: CARD_DIS command sent to ESP32
2026-03-06T07:41:30.612Z [INFO]: ESP32 Data: CARD_DISABLED
2026-03-06T07:41:30.653Z [INFO]: ESP32 Data: CARD_DISABLED
2026-03-06T07:46:50.919Z [INFO]: WebSocket server running on ws://localhost:8080
2026-03-06T07:46:50.931Z [INFO]: Backend running on port 3001
2026-03-06T07:46:50.937Z [INFO]: ESP32 Serial Port Connected
2026-03-06T07:46:55.437Z [INFO]: CARD_DIS command sent to ESP32
2026-03-06T07:46:55.449Z [INFO]: CARD_DIS command sent to ESP32
2026-03-06T07:46:55.467Z [INFO]: ESP32 Data: CARD_DISABLED
2026-03-06T07:46:55.505Z [INFO]: ESP32 Data: CARD_DISABLED
2026-03-06T07:47:03.202Z [INFO]: CARD_EN command sent to ESP32
2026-03-06T07:47:03.230Z [INFO]: ESP32 Data: TOPUP_ENABLED
2026-03-06T07:47:03.244Z [INFO]: WebSocket client connected
2026-03-06T07:47:05.412Z [INFO]: ESP32 Data: UID_C48F7ADF
2026-03-06T07:47:05.413Z [INFO]: Card Scanned UID: C48F7ADF
2026-03-06T07:47:05.450Z [INFO]: WebSocket client connected
2026-03-06T07:47:05.463Z [INFO]: WebSocket client connected
2026-03-06T07:48:18.651Z [INFO]: ESP32 Data: 50
2026-03-06T07:48:18.652Z [INFO]: Money Inserted: ₱50
2026-03-06T07:48:21.518Z [INFO]: ESP32 Data: 100
2026-03-06T07:48:21.518Z [INFO]: Money Inserted: ₱100
2026-03-06T07:48:24.256Z [INFO]: ESP32 Data: 100
2026-03-06T07:48:24.257Z [INFO]: Money Inserted: ₱100
2026-03-06T07:48:27.071Z [INFO]: ESP32 Data: 100
2026-03-06T07:48:27.071Z [INFO]: Money Inserted: ₱100
2026-03-06T07:48:29.708Z [INFO]: ESP32 Data: 100
2026-03-06T07:48:29.708Z [INFO]: Money Inserted: ₱100
2026-03-06T07:48:36.681Z [INFO]: ESP32 Data: 100
2026-03-06T07:48:36.681Z [INFO]: Money Inserted: ₱100
2026-03-06T07:48:45.605Z [INFO]: ESP32 Data: 100
2026-03-06T07:48:45.606Z [INFO]: Money Inserted: ₱100
2026-03-06T07:48:49.079Z [INFO]: ESP32 Data: 500
2026-03-06T07:48:49.080Z [INFO]: Money Inserted: ₱500
2026-03-06T07:48:59.563Z [INFO]: ESP32 Data: TOPUP_CLOSED
TO
2026-03-06T07:48:59.580Z [INFO]: ESP32 Data: PUP_DISABLED
2026-03-06T07:50:01.269Z [INFO]: CARD_DIS command sent to ESP32
2026-03-06T07:50:01.274Z [INFO]: CARD_DIS command sent to ESP32
2026-03-06T07:50:01.297Z [INFO]: ESP32 Data: CARD_DISABLED
2026-03-06T07:50:01.338Z [INFO]: ESP32 Data: CARD_DISABLED
2026-03-06T07:50:15.059Z [INFO]: WebSocket client connected
2026-03-06T07:50:15.064Z [INFO]: CARD_EN command sent to ESP32
2026-03-06T07:50:15.069Z [INFO]: CARD_EN command sent to ESP32
2026-03-06T07:50:15.074Z [INFO]: WebSocket client connected
2026-03-06T07:50:15.090Z [INFO]: ESP32 Data: CARD_ENABLED
2026-03-06T07:50:15.137Z [INFO]: ESP32 Data: CARD_ENABLED
2026-03-06T07:50:23.384Z [INFO]: CARD_DIS command sent to ESP32
2026-03-06T07:50:23.394Z [INFO]: CARD_DIS command sent to ESP32
2026-03-06T07:50:23.423Z [INFO]: ESP32 Data: CARD_DISABLED
2026-03-06T07:50:23.464Z [INFO]: ESP32 Data: CARD_DISABLED
2026-03-06T07:50:29.271Z [INFO]: CARD_EN command sent to ESP32
2026-03-06T07:50:29.300Z [INFO]: ESP32 Data: TOPUP_ENABLED
2026-03-06T07:50:29.308Z [INFO]: WebSocket client connected
2026-03-06T07:50:38.095Z [INFO]: ESP32 Data: UID_63AD6F31
2026-03-06T07:50:38.096Z [INFO]: Card Scanned UID: 63AD6F31
2026-03-06T07:50:38.120Z [INFO]: WebSocket client connected
2026-03-06T07:50:38.133Z [INFO]: WebSocket client connected
2026-03-06T07:50:44.349Z [INFO]: ESP32 Data: 50
2026-03-06T07:50:44.349Z [INFO]: Money Inserted: ₱50
2026-03-06T07:50:55.162Z [INFO]: ESP32 Data: TOPUP_CLOSED
TO
2026-03-06T07:50:55.180Z [INFO]: ESP32 Data: PUP_DISABLED
2026-03-06T07:51:02.470Z [INFO]: CARD_DIS command sent to ESP32
2026-03-06T07:51:02.479Z [INFO]: CARD_DIS command sent to ESP32
2026-03-06T07:51:02.500Z [INFO]: ESP32 Data: CARD_DISABLED
2026-03-06T07:51:02.539Z [INFO]: ESP32 Data: CARD_DISABLED
2026-03-06T07:51:41.148Z [INFO]: CARD_EN command sent to ESP32
2026-03-06T07:51:41.177Z [INFO]: WebSocket client connected
2026-03-06T07:51:41.178Z [INFO]: ESP32 Data: TOPUP_ENABLED
2026-03-06T07:51:42.447Z [INFO]: ESP32 Data: UID_A6207E3D
2026-03-06T07:51:42.448Z [INFO]: Card Scanned UID: A6207E3D
2026-03-06T07:53:11.937Z [INFO]: CARD_EN command sent to ESP32
2026-03-06T07:53:11.968Z [INFO]: WebSocket client connected
2026-03-06T07:53:11.974Z [INFO]: ESP32 Data: TOPUP_ENABLED
2026-03-06T07:53:16.337Z [INFO]: ESP32 Data: UID_A6207E3D
2026-03-06T07:53:16.338Z [INFO]: Card Scanned UID: A6207E3D
2026-03-06T07:53:16.365Z [INFO]: WebSocket client connected
2026-03-06T07:53:16.377Z [INFO]: WebSocket client connected
2026-03-06T07:53:43.432Z [INFO]: ESP32 Data: 50
2026-03-06T07:53:43.432Z [INFO]: Money Inserted: ₱50
2026-03-06T07:54:46.044Z [INFO]: ESP32 Data: TOPUP_CLOSED
TO
2026-03-06T07:54:46.061Z [INFO]: ESP32 Data: PUP_DISABLED
2026-03-06T07:54:48.225Z [INFO]: CARD_DIS command sent to ESP32
2026-03-06T07:54:48.232Z [INFO]: CARD_DIS command sent to ESP32
2026-03-06T07:54:48.253Z [INFO]: ESP32 Data: CARD_DISABLED
2026-03-06T07:54:48.294Z [INFO]: ESP32 Data: CARD_DISABLED
2026-03-06T07:56:17.093Z [INFO]: CARD_EN command sent to ESP32
2026-03-06T07:56:17.098Z [INFO]: WebSocket client connected
2026-03-06T07:56:17.100Z [INFO]: CARD_EN command sent to ESP32
2026-03-06T07:56:17.113Z [INFO]: WebSocket client connected
2026-03-06T07:56:17.121Z [INFO]: ESP32 Data: CARD_ENABLED
2026-03-06T07:56:17.167Z [INFO]: ESP32 Data: CARD_ENABLED
2026-03-06T07:57:01.587Z [INFO]: CARD_DIS command sent to ESP32
2026-03-06T07:57:01.593Z [INFO]: CARD_DIS command sent to ESP32
2026-03-06T07:57:01.620Z [INFO]: ESP32 Data: CARD_DISABLED
2026-03-06T07:57:01.660Z [INFO]: ESP32 Data: CARD_DISABLED
2026-03-06T07:57:03.350Z [INFO]: CARD_EN command sent to ESP32
2026-03-06T07:57:03.379Z [INFO]: WebSocket client connected
2026-03-06T07:57:03.380Z [INFO]: ESP32 Data: TOPUP_ENABLED
2026-03-06T07:57:12.683Z [INFO]: ESP32 Data: UID_E3E30CDA
2026-03-06T07:57:12.685Z [INFO]: Card Scanned UID: E3E30CDA
2026-03-06T07:57:16.122Z [INFO]: CARD_EN command sent to ESP32
2026-03-06T07:57:16.154Z [INFO]: WebSocket client connected
2026-03-06T07:57:16.160Z [INFO]: ESP32 Data: TOPUP_ENABLED
2026-03-06T07:57:18.696Z [INFO]: ESP32 Data: UID_E3E30CDA
2026-03-06T07:57:18.697Z [INFO]: Card Scanned UID: E3E30CDA
2026-03-06T07:57:18.728Z [INFO]: WebSocket client connected
2026-03-06T07:57:20.171Z [INFO]: ESP32 Data: TOPUP_CLOSED
TO
2026-03-06T07:57:20.189Z [INFO]: ESP32 Data: PUP_DISABLED
2026-03-06T07:57:22.963Z [INFO]: CARD_DIS command sent to ESP32
2026-03-06T07:57:22.967Z [INFO]: CARD_DIS command sent to ESP32
2026-03-06T07:57:22.992Z [INFO]: ESP32 Data: CARD_DISABLED
2026-03-06T07:57:23.032Z [INFO]: ESP32 Data: CARD_DISABLED
2026-03-06T08:28:17.448Z [INFO]: CARD_DIS command sent to ESP32
2026-03-06T08:28:17.463Z [INFO]: CARD_DIS command sent to ESP32
2026-03-06T08:28:17.477Z [INFO]: ESP32 Data: CARD_DISABLED
2026-03-06T08:28:17.524Z [INFO]: ESP32 Data: CARD_DISABLED
2026-03-06T08:28:24.988Z [INFO]: WebSocket client connected
2026-03-06T08:28:24.992Z [INFO]: CARD_EN command sent to ESP32
2026-03-06T08:28:25.003Z [INFO]: WebSocket client connected
2026-03-06T08:28:25.007Z [INFO]: CARD_EN command sent to ESP32
2026-03-06T08:28:25.018Z [INFO]: ESP32 Data: CARD_ENABLED
2026-03-06T08:28:25.066Z [INFO]: ESP32 Data: CARD_ENABLED
2026-03-06T08:28:47.499Z [INFO]: ESP32 Data: UID_06095D3D
2026-03-06T08:28:47.499Z [INFO]: Card Scanned UID: 06095D3D
2026-03-06T08:35:15.007Z [INFO]: WebSocket client connected
2026-03-06T08:35:15.008Z [INFO]: CARD_EN command sent to ESP32
2026-03-06T08:35:15.039Z [INFO]: CARD_EN command sent to ESP32
2026-03-06T08:35:15.042Z [INFO]: WebSocket client connected
2026-03-06T08:35:15.046Z [INFO]: ESP32 Data: CARD_ENABLED
2026-03-06T08:35:15.089Z [INFO]: ESP32 Data: CARD_ENABLED
2026-03-06T08:39:04.691Z [INFO]: CARD_DIS command sent to ESP32
2026-03-06T08:39:04.697Z [INFO]: CARD_DIS command sent to ESP32
2026-03-06T08:39:04.734Z [INFO]: ESP32 Data: CARD_DISABLED
2026-03-06T08:39:04.777Z [INFO]: ESP32 Data: CARD_DISABLED
2026-03-06T08:39:21.029Z [INFO]: WebSocket client connected
2026-03-06T08:39:21.031Z [INFO]: CARD_EN command sent to ESP32
2026-03-06T08:39:21.038Z [INFO]: CARD_EN command sent to ESP32
2026-03-06T08:39:21.043Z [INFO]: WebSocket client connected
2026-03-06T08:39:21.058Z [INFO]: ESP32 Data: CARD_ENABLED
2026-03-06T08:39:21.105Z [INFO]: ESP32 Data: CARD_ENABLED
2026-03-06T08:39:26.200Z [INFO]: ESP32 Data: UID_A6207E3D
2026-03-06T08:39:26.201Z [INFO]: Card Scanned UID: A6207E3D
2026-03-06T08:41:13.535Z [INFO]: CARD_DIS command sent to ESP32
2026-03-06T08:41:13.545Z [INFO]: CARD_DIS command sent to ESP32
2026-03-06T08:41:13.565Z [INFO]: ESP32 Data: CARD_DISABLED
2026-03-06T08:41:13.605Z [INFO]: ESP32 Data: CARD_DISABLED
2026-03-06T08:41:54.391Z [INFO]: CARD_EN command sent to ESP32
2026-03-06T08:41:54.418Z [INFO]: ESP32 Data: TOPUP_ENABLED
2026-03-06T08:41:54.493Z [INFO]: WebSocket client connected
2026-03-06T08:42:26.889Z [INFO]: ESP32 Data: UID_A6207E3D
2026-03-06T08:42:26.890Z [INFO]: Card Scanned UID: A6207E3D
2026-03-06T08:45:03.987Z [INFO]: CARD_DIS command sent to ESP32
2026-03-06T08:45:04.005Z [INFO]: CARD_DIS command sent to ESP32
2026-03-06T08:45:04.035Z [INFO]: ESP32 Data: CARD_DISABLED
2026-03-06T08:45:04.099Z [INFO]: ESP32 Data: CARD_DISABLED
2026-03-06T08:45:09.577Z [INFO]: CARD_EN command sent to ESP32
2026-03-06T08:45:09.616Z [INFO]: ESP32 Data: TOPUP_ENABLED
2026-03-06T08:45:09.665Z [INFO]: WebSocket client connected
2026-03-06T08:45:22.772Z [INFO]: ESP32 Data: UID_E3E30CDA
2026-03-06T08:45:22.773Z [INFO]: Card Scanned UID: E3E30CDA
2026-03-06T08:46:09.447Z [INFO]: CARD_EN command sent to ESP32
2026-03-06T08:46:09.476Z [INFO]: ESP32 Data: TOPUP_ENABLED
2026-03-06T08:46:09.481Z [INFO]: WebSocket client connected
2026-03-06T08:46:11.530Z [INFO]: ESP32 Data: UID_A6207E3D
2026-03-06T08:46:11.531Z [INFO]: Card Scanned UID: A6207E3D
2026-03-06T08:48:05.098Z [INFO]: ESP32 Data: TOPUP_CLOSED
TO
2026-03-06T08:48:05.115Z [INFO]: ESP32 Data: PUP_DISABLED
2026-03-06T08:50:19.907Z [INFO]: CARD_EN command sent to ESP32
2026-03-06T08:50:19.934Z [INFO]: ESP32 Data: CARD_ENABLED
2026-03-06T08:50:19.944Z [INFO]: WebSocket client connected
2026-03-06T08:50:21.787Z [INFO]: ESP32 Data: UID_765A4E3D
2026-03-06T08:50:21.788Z [INFO]: Card Scanned UID: 765A4E3D
2026-03-06T08:52:06.864Z [INFO]: CARD_EN command sent to ESP32
2026-03-06T08:52:06.890Z [INFO]: ESP32 Data: CARD_ENABLED
2026-03-06T08:52:06.901Z [INFO]: WebSocket client connected
2026-03-06T08:52:08.192Z [INFO]: ESP32 Data: UID_765A4E3D
2026-03-06T08:52:08.193Z [INFO]: Card Scanned UID: 765A4E3D
2026-03-06T08:55:40.704Z [INFO]: CARD_DIS command sent to ESP32
2026-03-06T08:55:40.708Z [INFO]: CARD_DIS command sent to ESP32
2026-03-06T08:55:40.732Z [INFO]: ESP32 Data: CARD_DISABLED
2026-03-06T08:55:40.773Z [INFO]: ESP32 Data: CARD_DISABLED
2026-03-06T08:56:21.390Z [INFO]: CARD_EN command sent to ESP32
2026-03-06T08:56:21.417Z [INFO]: ESP32 Data: CARD_ENABLED
2026-03-06T08:56:21.460Z [INFO]: WebSocket client connected
2026-03-06T08:56:23.141Z [INFO]: ESP32 Data: UID_E3E30CDA
2026-03-06T08:56:23.141Z [INFO]: Card Scanned UID: E3E30CDA
2026-03-06T08:56:27.478Z [INFO]: CARD_DIS command sent to ESP32
2026-03-06T08:56:27.506Z [INFO]: ESP32 Data: CARD_DISABLED
2026-03-06T08:56:53.339Z [INFO]: CARD_EN command sent to ESP32
2026-03-06T08:56:53.368Z [INFO]: ESP32 Data: TOPUP_ENABLED
2026-03-06T08:56:53.372Z [INFO]: WebSocket client connected
2026-03-06T08:56:55.678Z [INFO]: ESP32 Data: UID_E3E30CDA
2026-03-06T08:56:55.679Z [INFO]: Card Scanned UID: E3E30CDA
2026-03-06T08:56:55.728Z [INFO]: WebSocket client connected
2026-03-06T08:57:30.630Z [INFO]: ESP32 Data: 500
2026-03-06T08:57:30.631Z [INFO]: Money Inserted: ₱500
2026-03-06T08:57:33.799Z [INFO]: ESP32 Data: 50
2026-03-06T08:57:33.799Z [INFO]: Money Inserted: ₱50
2026-03-06T08:57:36.412Z [INFO]: ESP32 Data: 100
2026-03-06T08:57:36.412Z [INFO]: Money Inserted: ₱100
2026-03-06T08:57:38.643Z [INFO]: ESP32 Data: 100
2026-03-06T08:57:38.643Z [INFO]: Money Inserted: ₱100
2026-03-06T08:58:00.775Z [INFO]: ESP32 Data: 5
2026-03-06T08:58:00.775Z [INFO]: Money Inserted: ₱5
2026-03-06T08:58:03.944Z [INFO]: ESP32 Data: 5
2026-03-06T08:58:03.944Z [INFO]: Money Inserted: ₱5
2026-03-06T08:58:16.002Z [INFO]: ESP32 Data: TOPUP_CLOSED
TO
2026-03-06T08:58:16.019Z [INFO]: ESP32 Data: PUP_DISABLED
2026-03-06T09:02:36.266Z [INFO]: WebSocket client connected
2026-03-06T09:03:23.872Z [INFO]: WebSocket server running on ws://localhost:8080
2026-03-06T09:03:23.882Z [INFO]: Backend running on port 3001
2026-03-06T09:03:23.888Z [INFO]: ESP32 Serial Port Connected
2026-03-06T09:03:30.704Z [INFO]: CARD_DIS command sent to ESP32
2026-03-06T09:03:30.726Z [INFO]: CARD_DIS command sent to ESP32
2026-03-06T09:03:30.732Z [INFO]: ESP32 Data: CARD_DISABLED
2026-03-06T09:03:30.772Z [INFO]: ESP32 Data: CARD_DISABLED
2026-03-06T09:03:36.299Z [INFO]: CARD_EN command sent to ESP32
2026-03-06T09:03:36.328Z [INFO]: ESP32 Data: TOPUP_ENABLED
2026-03-06T09:03:36.364Z [INFO]: WebSocket client connected
2026-03-06T09:03:38.205Z [INFO]: ESP32 Data: UID_E3E30CDA
2026-03-06T09:03:38.206Z [INFO]: Card Scanned UID: E3E30CDA
2026-03-06T09:03:38.258Z [INFO]: WebSocket client connected
2026-03-06T09:03:38.272Z [INFO]: WebSocket client connected
2026-03-06T09:03:43.342Z [INFO]: ESP32 Data: 5
2026-03-06T09:03:43.342Z [INFO]: Money Inserted: ₱5
2026-03-06T09:03:46.753Z [INFO]: ESP32 Data: TOPUP_CLOSED
TO
2026-03-06T09:03:46.771Z [INFO]: ESP32 Data: PUP_DISABLED
2026-03-06T09:06:10.930Z [INFO]: CARD_DIS command sent to ESP32
2026-03-06T09:06:10.940Z [INFO]: CARD_DIS command sent to ESP32
2026-03-06T09:06:10.959Z [INFO]: ESP32 Data: CARD_DISABLED
2026-03-06T09:06:11.002Z [INFO]: ESP32 Data: CARD_DISABLED
2026-03-06T09:06:13.045Z [INFO]: CARD_DIS command sent to ESP32
2026-03-06T09:06:13.077Z [INFO]: CARD_DIS command sent to ESP32
2026-03-06T09:06:13.081Z [INFO]: ESP32 Data: CARD_DISABLED
2026-03-06T09:06:13.112Z [INFO]: ESP32 Data: CARD_DISABLED
2026-03-06T09:06:22.303Z [INFO]: CARD_EN command sent to ESP32
2026-03-06T09:06:22.331Z [INFO]: ESP32 Data: TOPUP_ENABLED
2026-03-06T09:06:22.391Z [INFO]: WebSocket client connected
2026-03-06T09:06:25.224Z [INFO]: ESP32 Data: UID_E3E30CDA
2026-03-06T09:06:25.226Z [INFO]: Card Scanned UID: E3E30CDA
2026-03-06T09:06:25.281Z [INFO]: WebSocket client connected
2026-03-06T09:06:25.295Z [INFO]: WebSocket client connected
2026-03-06T09:06:34.087Z [INFO]: ESP32 Data: 1
2026-03-06T09:06:34.087Z [INFO]: Money Inserted: ₱1
2026-03-06T09:06:37.220Z [INFO]: ESP32 Data: TOPUP_CLOSED
TO
2026-03-06T09:06:37.238Z [INFO]: ESP32 Data: PUP_DISABLED
2026-03-06T09:09:53.414Z [INFO]: WebSocket client connected
2026-03-06T09:09:53.436Z [INFO]: WebSocket client connected
2026-03-06T09:11:52.160Z [INFO]: WebSocket client connected
2026-03-06T09:12:05.313Z [INFO]: CARD_DIS command sent to ESP32
2026-03-06T09:12:05.319Z [INFO]: CARD_DIS command sent to ESP32
2026-03-06T09:12:05.345Z [INFO]: ESP32 Data: CARD_DISABLED
2026-03-06T09:12:05.382Z [INFO]: ESP32 Data: CARD_DISABLED
2026-03-06T09:12:07.735Z [INFO]: CARD_DIS command sent to ESP32
2026-03-06T09:12:07.754Z [INFO]: CARD_DIS command sent to ESP32
2026-03-06T09:12:07.762Z [INFO]: ESP32 Data: CARD_DISABLED
2026-03-06T09:12:07.811Z [INFO]: ESP32 Data: CARD_DISABLED
2026-03-06T09:12:30.136Z [INFO]: CARD_EN command sent to ESP32
2026-03-06T09:12:30.165Z [INFO]: ESP32 Data: TOPUP_ENABLED
2026-03-06T09:12:30.243Z [INFO]: WebSocket client connected
2026-03-06T09:12:30.876Z [INFO]: ESP32 Data: UID_E3E30CDA
2026-03-06T09:12:30.879Z [INFO]: Card Scanned UID: E3E30CDA
2026-03-06T09:12:30.941Z [INFO]: WebSocket client connected
2026-03-06T09:12:30.956Z [INFO]: WebSocket client connected
2026-03-06T09:12:50.667Z [INFO]: ESP32 Data: 1
2026-03-06T09:12:50.667Z [INFO]: Money Inserted: ₱1
2026-03-06T09:12:52.025Z [INFO]: ESP32 Data: TOPUP_CLOSED
TO
2026-03-06T09:12:52.043Z [INFO]: ESP32 Data: PUP_DISABLED
2026-03-06T09:13:48.650Z [INFO]: WebSocket client connected
2026-03-06T09:13:48.669Z [INFO]: WebSocket client connected
2026-03-06T09:13:52.388Z [INFO]: CARD_DIS command sent to ESP32
2026-03-06T09:13:52.396Z [INFO]: CARD_DIS command sent to ESP32
2026-03-06T09:13:52.416Z [INFO]: ESP32 Data: CARD_DISABLED
2026-03-06T09:13:52.457Z [INFO]: ESP32 Data: CARD_DISABLED
2026-03-06T09:14:12.336Z [INFO]: CARD_EN command sent to ESP32
2026-03-06T09:14:12.366Z [INFO]: ESP32 Data: TOPUP_ENABLED
2026-03-06T09:14:12.443Z [INFO]: WebSocket client connected
2026-03-06T09:14:15.535Z [INFO]: ESP32 Data: UID_E3E30CDA
2026-03-06T09:14:15.535Z [INFO]: Card Scanned UID: E3E30CDA
2026-03-06T09:14:15.590Z [INFO]: WebSocket client connected
2026-03-06T09:14:15.605Z [INFO]: WebSocket client connected
2026-03-06T09:14:24.299Z [INFO]: ESP32 Data: 100
2026-03-06T09:14:24.300Z [INFO]: Money Inserted: ₱100
2026-03-06T09:14:27.771Z [INFO]: ESP32 Data: 1
2026-03-06T09:14:27.771Z [INFO]: Money Inserted: ₱1
2026-03-06T09:14:32.526Z [INFO]: ESP32 Data: TOPUP_CLOSED
TO
2026-03-06T09:14:32.544Z [INFO]: ESP32 Data: PUP_DISABLED
2026-03-06T09:15:42.063Z [INFO]: WebSocket client connected
2026-03-06T09:16:25.737Z [INFO]: CARD_DIS command sent to ESP32
2026-03-06T09:16:25.748Z [INFO]: CARD_DIS command sent to ESP32
2026-03-06T09:16:25.765Z [INFO]: ESP32 Data: CARD_DISABLED
2026-03-06T09:16:25.809Z [INFO]: ESP32 Data: CARD_DISABLED
2026-03-06T09:16:27.897Z [INFO]: CARD_DIS command sent to ESP32
2026-03-06T09:16:27.912Z [INFO]: CARD_DIS command sent to ESP32
2026-03-06T09:16:27.925Z [INFO]: ESP32 Data: CARD_DISABLED
2026-03-06T09:16:27.969Z [INFO]: ESP32 Data: CARD_DISABLED
2026-03-06T09:16:34.451Z [INFO]: CARD_EN command sent to ESP32
2026-03-06T09:16:34.477Z [INFO]: ESP32 Data: TOPUP_ENABLED
2026-03-06T09:16:34.545Z [INFO]: WebSocket client connected
2026-03-06T09:16:35.569Z [INFO]: ESP32 Data: UID_E3E30CDA
2026-03-06T09:16:35.570Z [INFO]: Card Scanned UID: E3E30CDA
2026-03-06T09:16:35.641Z [INFO]: WebSocket client connected
2026-03-06T09:16:39.668Z [INFO]: ESP32 Data: 100
2026-03-06T09:16:39.669Z [INFO]: Money Inserted: ₱100
2026-03-06T09:16:42.014Z [INFO]: ESP32 Data: TOPUP_CLOSED
TO
2026-03-06T09:16:42.030Z [INFO]: ESP32 Data: PUP_DISABLED
2026-03-06T09:22:42.645Z [INFO]: WebSocket server running on ws://localhost:8080
2026-03-06T09:22:42.656Z [INFO]: Backend running on port 3001
2026-03-06T09:22:42.661Z [INFO]: ESP32 Serial Port Connected
2026-03-06T09:22:48.588Z [INFO]: CARD_DIS command sent to ESP32
2026-03-06T09:22:48.613Z [INFO]: CARD_DIS command sent to ESP32
2026-03-06T09:22:48.618Z [INFO]: ESP32 Data: CARD_DISABLED
2026-03-06T09:22:48.658Z [INFO]: ESP32 Data: CARD_DISABLED
2026-03-06T09:22:55.779Z [INFO]: CARD_EN command sent to ESP32
2026-03-06T09:22:55.805Z [INFO]: ESP32 Data: TOPUP_ENABLED
2026-03-06T09:22:55.862Z [INFO]: WebSocket client connected
2026-03-06T09:22:57.175Z [INFO]: ESP32 Data: UID_765A4E3D
2026-03-06T09:22:57.176Z [INFO]: Card Scanned UID: 765A4E3D
2026-03-06T09:22:57.237Z [INFO]: WebSocket client connected
2026-03-06T09:22:57.254Z [INFO]: WebSocket client connected
2026-03-06T09:23:03.732Z [INFO]: ESP32 Data: 5
2026-03-06T09:23:03.733Z [INFO]: Money Inserted: ₱5
2026-03-06T09:23:07.296Z [INFO]: ESP32 Data: TOPUP_CLOSED
TO
2026-03-06T09:23:07.314Z [INFO]: ESP32 Data: PUP_DISABLED
2026-03-06T09:23:07.314Z [INFO]: Websocket: PUP_DISABLED
2026-03-06T09:23:07.366Z [INFO]: CARD_DIS command sent to ESP32
2026-03-06T09:23:07.378Z [INFO]: CARD_DIS command sent to ESP32
2026-03-06T09:23:07.394Z [INFO]: ESP32 Data: CARD_DISABLED
2026-03-06T09:23:07.435Z [INFO]: ESP32 Data: CARD_DISABLED
2026-03-06T09:23:51.330Z [INFO]: CARD_EN command sent to ESP32
2026-03-06T09:23:51.358Z [INFO]: ESP32 Data: TOPUP_ENABLED
2026-03-06T09:23:51.390Z [INFO]: WebSocket client connected
2026-03-06T09:23:52.931Z [INFO]: ESP32 Data: UID_765A4E3D
2026-03-06T09:23:52.931Z [INFO]: Card Scanned UID: 765A4E3D
2026-03-06T09:23:52.962Z [INFO]: WebSocket client connected
2026-03-06T09:23:55.225Z [INFO]: ESP32 Data: TOPUP_CLOSED
TO
2026-03-06T09:23:55.243Z [INFO]: ESP32 Data: PUP_DISABLED
2026-03-06T09:23:55.243Z [INFO]: Websocket: PUP_DISABLED
2026-03-06T09:23:55.261Z [INFO]: CARD_DIS command sent to ESP32
2026-03-06T09:23:55.264Z [INFO]: CARD_DIS command sent to ESP32
2026-03-06T09:23:55.289Z [INFO]: ESP32 Data: CARD_DISABLED
2026-03-06T09:23:55.330Z [INFO]: ESP32 Data: CARD_DISABLED
2026-03-06T09:25:52.643Z [INFO]: CARD_EN command sent to ESP32
2026-03-06T09:25:52.671Z [INFO]: ESP32 Data: CARD_ENABLED
2026-03-06T09:25:52.694Z [INFO]: WebSocket client connected
2026-03-06T09:25:55.154Z [INFO]: ESP32 Data: UID_765A4E3D
2026-03-06T09:25:55.154Z [INFO]: Card Scanned UID: 765A4E3D
2026-03-06T09:27:11.000Z [INFO]: CARD_DIS command sent to ESP32
2026-03-06T09:27:11.036Z [INFO]: ESP32 Data: CARD_DISABLED
2026-03-06T09:27:13.382Z [INFO]: CARD_EN command sent to ESP32
2026-03-06T09:27:13.411Z [INFO]: ESP32 Data: TOPUP_ENABLED
2026-03-06T09:27:13.416Z [INFO]: WebSocket client connected
2026-03-06T09:27:16.479Z [INFO]: ESP32 Data: UID_765A4E3D
2026-03-06T09:27:16.479Z [INFO]: Card Scanned UID: 765A4E3D
2026-03-06T09:27:16.499Z [INFO]: WebSocket client connected
2026-03-06T09:27:16.511Z [INFO]: WebSocket client connected
2026-03-06T09:29:47.920Z [INFO]: ESP32 Data: TOPUP_CLOSED
TO
2026-03-06T09:29:47.938Z [INFO]: ESP32 Data: PUP_DISABLED
2026-03-06T09:29:47.938Z [INFO]: Websocket: PUP_DISABLED
2026-03-06T09:29:47.960Z [INFO]: CARD_DIS command sent to ESP32
2026-03-06T09:29:47.963Z [INFO]: CARD_DIS command sent to ESP32
2026-03-06T09:29:47.988Z [INFO]: ESP32 Data: CARD_DISABLED
2026-03-06T09:29:48.029Z [INFO]: ESP32 Data: CARD_DISABLED
2026-03-06T09:31:08.166Z [INFO]: WebSocket client connected
2026-03-06T09:31:08.169Z [INFO]: CARD_EN command sent to ESP32
2026-03-06T09:31:08.174Z [INFO]: CARD_EN command sent to ESP32
2026-03-06T09:31:08.179Z [INFO]: WebSocket client connected
2026-03-06T09:31:08.198Z [INFO]: ESP32 Data: CARD_ENABLED
2026-03-06T09:31:08.243Z [INFO]: ESP32 Data: CARD_ENABLED
2026-03-06T09:31:22.628Z [INFO]: CARD_DIS command sent to ESP32
2026-03-06T09:31:22.632Z [INFO]: CARD_DIS command sent to ESP32
2026-03-06T09:31:22.663Z [INFO]: ESP32 Data: CARD_DISABLED
2026-03-06T09:31:22.703Z [INFO]: ESP32 Data: CARD_DISABLED
2026-03-06T09:31:34.559Z [INFO]: WebSocket client connected
2026-03-06T09:31:34.560Z [INFO]: CARD_EN command sent to ESP32
2026-03-06T09:31:34.568Z [INFO]: CARD_EN command sent to ESP32
2026-03-06T09:31:34.577Z [INFO]: WebSocket client connected
2026-03-06T09:31:34.585Z [INFO]: ESP32 Data: CARD_ENABLED
2026-03-06T09:31:34.633Z [INFO]: ESP32 Data: CARD_ENABLED
2026-03-06T09:33:02.810Z [INFO]: CARD_DIS command sent to ESP32
2026-03-06T09:33:02.813Z [INFO]: CARD_DIS command sent to ESP32
2026-03-06T09:33:02.838Z [INFO]: ESP32 Data: CARD_DISABLED
2026-03-06T09:33:02.879Z [INFO]: ESP32 Data: CARD_DISABLED
2026-03-07T05:57:43.983Z [INFO]: WebSocket server running on ws://localhost:8080
2026-03-07T05:57:43.994Z [INFO]: Backend running on port 3001
2026-03-07T05:57:44.004Z [INFO]: ESP32 Serial Port Connected
2026-03-07T05:57:51.139Z [INFO]: TOPUP_DIS command sent to ESP32
2026-03-07T05:57:51.150Z [INFO]: CARD_DIS command sent to ESP32
2026-03-07T05:57:51.152Z [INFO]: TOPUP_DIS command sent to ESP32
2026-03-07T05:57:51.156Z [INFO]: CARD_DIS command sent to ESP32
2026-03-07T05:57:51.167Z [INFO]: ESP32 Data: TOPUP_DISABLED
2026-03-07T05:57:51.210Z [INFO]: ESP32 Data: CARD_DISABLED
2026-03-07T05:57:51.248Z [INFO]: ESP32 Data: TOPUP_DISABLED
2026-03-07T05:57:51.292Z [INFO]: ESP32 Data: CARD_DISABLED
2026-03-07T05:58:22.855Z [INFO]: TOPUP_EN command sent to ESP32
2026-03-07T05:58:22.884Z [INFO]: ESP32 Data: TOPUP_ENABLED
2026-03-07T05:58:22.900Z [INFO]: WebSocket client connected
2026-03-07T05:58:30.033Z [INFO]: ESP32 Data: UID_E3E30CDA
2026-03-07T05:58:30.034Z [INFO]: Card Scanned UID: E3E30CDA
2026-03-07T06:02:18.196Z [INFO]: WebSocket server running on ws://localhost:8080
2026-03-07T06:02:18.205Z [INFO]: Backend running on port 3001
2026-03-07T06:02:18.212Z [INFO]: ESP32 Serial Port Connected
2026-03-07T06:02:22.226Z [INFO]: CARD_DIS command sent to ESP32
2026-03-07T06:02:22.236Z [INFO]: TOPUP_DIS command sent to ESP32
2026-03-07T06:02:22.241Z [INFO]: CARD_DIS command sent to ESP32
2026-03-07T06:02:22.246Z [INFO]: TOPUP_DIS command sent to ESP32
2026-03-07T06:02:22.253Z [INFO]: ESP32 Data: CARD_DISABLED
2026-03-07T06:02:22.317Z [INFO]: ESP32 Data: TOPUP_DISABLED
2026-03-07T06:02:22.360Z [INFO]: ESP32 Data: CARD_DISABLED
2026-03-07T06:02:22.399Z [INFO]: ESP32 Data: TOPUP_DISABLED
2026-03-07T06:02:24.973Z [INFO]: TOPUP_EN command sent to ESP32
2026-03-07T06:02:25.001Z [INFO]: ESP32 Data: TOPUP_ENABLED
2026-03-07T06:02:25.015Z [INFO]: WebSocket client connected
2026-03-07T06:02:26.498Z [INFO]: ESP32 Data: UID_E3E30CDA
2026-03-07T06:02:26.498Z [INFO]: Card Scanned UID: E3E30CDA
2026-03-07T06:02:36.851Z [INFO]: CARD_DIS command sent to ESP32
2026-03-07T06:02:36.856Z [INFO]: TOPUP_DIS command sent to ESP32
2026-03-07T06:02:36.871Z [INFO]: CARD_DIS command sent to ESP32
2026-03-07T06:02:36.874Z [INFO]: TOPUP_DIS command sent to ESP32
2026-03-07T06:02:36.878Z [INFO]: ESP32 Data: CARD_DISABLED
2026-03-07T06:02:36.942Z [INFO]: ESP32 Data: TOPUP_DISABLED
2026-03-07T06:02:36.986Z [INFO]: ESP32 Data: CARD_DISABLED
2026-03-07T06:02:37.024Z [INFO]: ESP32 Data: TOPUP_DISABLED
2026-03-07T06:04:49.714Z [INFO]: WebSocket server running on ws://localhost:8080
2026-03-07T06:04:49.724Z [INFO]: Backend running on port 3001
2026-03-07T06:04:49.730Z [INFO]: ESP32 Serial Port Connected
2026-03-07T06:04:53.752Z [INFO]: CARD_DIS command sent to ESP32
2026-03-07T06:04:53.761Z [INFO]: TOPUP_DIS command sent to ESP32
2026-03-07T06:04:53.767Z [INFO]: CARD_DIS command sent to ESP32
2026-03-07T06:04:53.771Z [INFO]: TOPUP_DIS command sent to ESP32
2026-03-07T06:04:53.784Z [INFO]: ESP32 Data: CARD_DISABLED
2026-03-07T06:04:53.819Z [INFO]: ESP32 Data: TOPUP_DISABLED
2026-03-07T06:04:53.862Z [INFO]: ESP32 Data: CARD_DISABLED
2026-03-07T06:04:53.901Z [INFO]: ESP32 Data: TOPUP_DISABLED
2026-03-07T06:04:55.283Z [INFO]: CARD_EN command sent to ESP32
2026-03-07T06:04:55.308Z [INFO]: ESP32 Data: CARD_ENABLED
2026-03-07T06:04:55.322Z [INFO]: WebSocket client connected
2026-03-07T06:04:56.602Z [INFO]: ESP32 Data: UID_E3E30CDA
2026-03-07T06:04:56.603Z [INFO]: Card Scanned UID: E3E30CDA
2026-03-07T06:06:13.163Z [INFO]: CARD_DIS command sent to ESP32
2026-03-07T06:06:13.173Z [INFO]: TOPUP_DIS command sent to ESP32
2026-03-07T06:06:13.174Z [INFO]: CARD_DIS command sent to ESP32
2026-03-07T06:06:13.181Z [INFO]: TOPUP_DIS command sent to ESP32
2026-03-07T06:06:13.193Z [INFO]: ESP32 Data: CARD_DISABLED
2026-03-07T06:06:13.232Z [INFO]: ESP32 Data: TOPUP_DISABLED
2026-03-07T06:06:13.276Z [INFO]: ESP32 Data: CARD_DISABLED
2026-03-07T06:06:13.313Z [INFO]: ESP32 Data: TOPUP_DISABLED
2026-03-07T06:06:26.571Z [INFO]: CARD_EN command sent to ESP32
2026-03-07T06:06:26.597Z [INFO]: ESP32 Data: CARD_ENABLED
2026-03-07T06:06:26.607Z [INFO]: WebSocket client connected
2026-03-07T06:06:27.587Z [INFO]: ESP32 Data: UID_47B2FE5B
2026-03-07T06:06:27.588Z [INFO]: Card Scanned UID: 47B2FE5B
2026-03-07T06:06:37.446Z [INFO]: CARD_DIS command sent to ESP32
2026-03-07T06:06:37.449Z [INFO]: TOPUP_DIS command sent to ESP32
2026-03-07T06:06:37.459Z [INFO]: CARD_DIS command sent to ESP32
2026-03-07T06:06:37.462Z [INFO]: TOPUP_DIS command sent to ESP32
2026-03-07T06:06:37.475Z [INFO]: ESP32 Data: CARD_DISABLED
2026-03-07T06:06:37.514Z [INFO]: ESP32 Data: TOPUP_DISABLED
2026-03-07T06:06:37.557Z [INFO]: ESP32 Data: CARD_DISABLED
2026-03-07T06:06:37.596Z [INFO]: ESP32 Data: TOPUP_DISABLED
2026-03-07T06:06:48.952Z [INFO]: TOPUP_EN command sent to ESP32
2026-03-07T06:06:48.977Z [INFO]: WebSocket client connected
2026-03-07T06:06:48.980Z [INFO]: ESP32 Data: TOPUP_ENABLED
2026-03-07T06:06:50.985Z [INFO]: ESP32 Data: UID_E3E30CDA
2026-03-07T06:06:50.985Z [INFO]: Card Scanned UID: E3E30CDA
2026-03-07T06:06:51.022Z [INFO]: WebSocket client connected
2026-03-07T06:06:51.034Z [INFO]: WebSocket client connected
2026-03-07T06:07:05.468Z [INFO]: ESP32 Data: TOPUP_CLOSED
TO
2026-03-07T06:07:05.486Z [INFO]: ESP32 Data: PUP_DISABLED
2026-03-07T06:07:11.575Z [INFO]: CARD_DIS command sent to ESP32
2026-03-07T06:07:11.582Z [INFO]: CARD_DIS command sent to ESP32
2026-03-07T06:07:11.583Z [INFO]: TOPUP_DIS command sent to ESP32
2026-03-07T06:07:11.590Z [INFO]: TOPUP_DIS command sent to ESP32
2026-03-07T06:07:11.604Z [INFO]: ESP32 Data: CARD_DISABLED
2026-03-07T06:07:11.645Z [INFO]: ESP32 Data: CARD_DISABLED
2026-03-07T06:07:11.684Z [INFO]: ESP32 Data: TOPUP_DISABLED
2026-03-07T06:07:11.725Z [INFO]: ESP32 Data: TOPUP_DISABLED
2026-03-07T06:07:13.675Z [INFO]: WebSocket client connected
2026-03-07T06:07:13.680Z [INFO]: CARD_EN command sent to ESP32
2026-03-07T06:07:13.686Z [INFO]: CARD_EN command sent to ESP32
2026-03-07T06:07:13.693Z [INFO]: WebSocket client connected
2026-03-07T06:07:13.706Z [INFO]: ESP32 Data: CARD_ENABLED
2026-03-07T06:07:13.754Z [INFO]: ESP32 Data: CARD_ENABLED
2026-03-07T06:07:17.051Z [INFO]: ESP32 Data: UID_47B2FE5B
2026-03-07T06:07:17.051Z [INFO]: Card Scanned UID: 47B2FE5B
2026-03-07T06:08:19.944Z [INFO]: CARD_DIS command sent to ESP32
2026-03-07T06:08:19.949Z [INFO]: TOPUP_DIS command sent to ESP32
2026-03-07T06:08:19.953Z [INFO]: CARD_DIS command sent to ESP32
2026-03-07T06:08:19.956Z [INFO]: TOPUP_DIS command sent to ESP32
2026-03-07T06:08:19.976Z [INFO]: ESP32 Data: CARD_DISABLED
2026-03-07T06:08:20.015Z [INFO]: ESP32 Data: TOPUP_DISABLED
2026-03-07T06:08:20.062Z [INFO]: ESP32 Data: CARD_DISABLED
2026-03-07T06:08:20.097Z [INFO]: ESP32 Data: TOPUP_DISABLED
2026-03-07T06:08:26.534Z [INFO]: CARD_EN command sent to ESP32
2026-03-07T06:08:26.561Z [INFO]: ESP32 Data: CARD_ENABLED
2026-03-07T06:08:26.574Z [INFO]: WebSocket client connected
2026-03-07T06:08:28.210Z [INFO]: ESP32 Data: UID_47B2FE5B
2026-03-07T06:08:28.210Z [INFO]: Card Scanned UID: 47B2FE5B
2026-03-07T06:08:31.613Z [INFO]: CARD_DIS command sent to ESP32
2026-03-07T06:08:31.615Z [INFO]: TOPUP_DIS command sent to ESP32
2026-03-07T06:08:31.621Z [INFO]: CARD_DIS command sent to ESP32
2026-03-07T06:08:31.630Z [INFO]: TOPUP_DIS command sent to ESP32
2026-03-07T06:08:31.658Z [INFO]: ESP32 Data: CARD_DISABLED
2026-03-07T06:08:31.696Z [INFO]: ESP32 Data: TOPUP_DISABLED
2026-03-07T06:08:31.740Z [INFO]: ESP32 Data: CARD_DISABLED
2026-03-07T06:08:31.779Z [INFO]: ESP32 Data: TOPUP_DISABLED
2026-03-07T06:08:33.104Z [INFO]: TOPUP_EN command sent to ESP32
2026-03-07T06:08:33.133Z [INFO]: ESP32 Data: TOPUP_ENABLED
2026-03-07T06:08:33.144Z [INFO]: WebSocket client connected
2026-03-07T06:08:34.681Z [INFO]: ESP32 Data: UID_47B2FE5B
2026-03-07T06:08:34.682Z [INFO]: Card Scanned UID: 47B2FE5B
2026-03-07T06:08:34.718Z [INFO]: WebSocket client connected
2026-03-07T06:08:34.728Z [INFO]: WebSocket client connected
2026-03-07T06:08:49.444Z [INFO]: ESP32 Data: TOPUP_CLOSED
TO
2026-03-07T06:08:49.462Z [INFO]: ESP32 Data: PUP_DISABLED
2026-03-07T06:08:59.541Z [INFO]: CARD_DIS command sent to ESP32
2026-03-07T06:08:59.546Z [INFO]: TOPUP_DIS command sent to ESP32
2026-03-07T06:08:59.549Z [INFO]: CARD_DIS command sent to ESP32
2026-03-07T06:08:59.555Z [INFO]: TOPUP_DIS command sent to ESP32
2026-03-07T06:08:59.568Z [INFO]: ESP32 Data: CARD_DISABLED
2026-03-07T06:08:59.607Z [INFO]: ESP32 Data: TOPUP_DISABLED
2026-03-07T06:08:59.650Z [INFO]: ESP32 Data: CARD_DISABLED
2026-03-07T06:08:59.689Z [INFO]: ESP32 Data: TOPUP_DISABLED
